Cleared old logs, deployments, and transaction artifacts.
=== VaultChain Africa Automation Bootstrap ===
[+] Detected Python packages to ensure: shutil, typing, web3, psutil, colorama, requests
All required packages already installed.
======================================================================
STAGE 1: Build and test smart contracts
Started at 2025-11-11T15:14:29.544889
======================================================================
$ forge --version
forge Version: 1.4.4-stable
Commit SHA: 05794498bf47257b144e2e2789a1d5bf8566be0e
Build Timestamp: 2025-11-03T23:47:37.546275200Z (1762213657)
Build Profile: maxperf
$ anvil --version
anvil Version: 1.4.4-stable
Commit SHA: 05794498bf47257b144e2e2789a1d5bf8566be0e
Build Timestamp: 2025-11-03T23:47:37.546275200Z (1762213657)
Build Profile: maxperf
$ forge clean
$ forge build
Compiling 71 files with Solc 0.8.30
Solc 0.8.30 finished in 575.02ms
Error: Compiler run failed:
Error (9582): Member "createLoan" not found or not visible after argument-dependent lookup in contract LoanManager.
  --> test/LoanManager.t.sol:67:26:
   |
67 |         uint256 loanId = loanManager.createLoan(
   |                          ^^^^^^^^^^^^^^^^^^^^^^
$ forge test -vv
Compiling 69 files with Solc 0.8.30
Solc 0.8.30 finished in 494.95ms
Error: Compiler run failed:
Error (9582): Member "createLoan" not found or not visible after argument-dependent lookup in contract LoanManager.
  --> test/LoanManager.t.sol:67:26:
   |
67 |         uint256 loanId = loanManager.createLoan(
   |                          ^^^^^^^^^^^^^^^^^^^^^^
Stage 1 completed successfully.
======================================================================
STAGE 2: Ensure local Anvil chain
Started at 2025-11-11T15:14:32.032997
======================================================================
Detected running Anvil instance. Reusing it.
======================================================================
STAGE 3: Deploy contracts and capture artifacts
Started at 2025-11-11T15:14:32.048097
======================================================================
Executing deployment: forge script C:\Users\kefak\Projects\Blockchain+Projects\VaultChainAfrica_v1\script\Deploy.s.sol --rpc-url http://127.0.0.1:8545 --broadcast --chain-id 31337
No deployed contracts detected. Ensure Deploy.s.sol prints 'DeployedContract:ContractName:0x...' for each contract.
Deployment stage completed successfully.
No deployment summary found at C:\Users\kefak\Projects\Blockchain+Projects\VaultChainAfrica_v1\vc_automation\deployments\31337\deployment_summary_2025-11-11_15-14-29.json. Cannot proceed.
All automation stages completed. Logs stored at: C:\Users\kefak\Projects\Blockchain+Projects\VaultChainAfrica_v1\vc_automation\logs\automation_2025-11-11_15-14-29.log
